[2026-08-20 19:25:10] local.DEBUG: EnsureInstalled {"installed":false,"route":"install.index","isInstallRoute":true,"url":"/install"} 
[2026-08-20 19:25:33] local.DEBUG: EnsureInstalled {"installed":false,"route":"install.index","isInstallRoute":true,"url":"/install"} 
[2026-08-20 19:30:27] local.ERROR: Call to undefined method Dotenv\Dotenv::overload() {"exception":"[object] (Error(code: 0): Call to undefined method Dotenv\\Dotenv::overload() at C:/WebWorka/codeworkflow/blossom/app/Http/Controllers/InstallController.php:103)
[stacktrace]
#0 C:/WebWorka/codeworkflow/blossom/vendor/laravel/framework/src/Illuminate/Routing/Controller.php(54): App/Http/Controllers/InstallController->install(Object(Illuminate/Http/Request))
#1 C:/WebWorka/codeworkflow/blossom/vendor/laravel/framework/src/Illuminate/Routing/ControllerDispatcher.php(44): Illuminate/Routing/Controller->callAction('install', Array)
#2 C:/WebWorka/codeworkflow/blossom/vendor/laravel/framework/src/Illuminate/Routing/Route.php(266): Illuminate/Routing/ControllerDispatcher->dispatch(Object(Illuminate/Routing/Route), Object(App/Http/Controllers/InstallController), 'install')
#3 C:/WebWorka/codeworkflow/blossom/vendor/laravel/framework/src/Illuminate/Routing/Route.php(212): Illuminate/Routing/Route->runController()
#4 C:/WebWorka/codeworkflow/blossom/vendor/laravel/framework/src/Illuminate/Routing/Router.php(808): Illuminate/Routing/Route->run()
#5 C:/WebWorka/codeworkflow/blossom/vendor/laravel/framework/src/Illuminate/Pipeline/Pipeline.php(170): Illuminate/Routing/Router->Illuminate/Routing/{closure}(Object(Illuminate/Http/Request))
#6 C:/WebWorka/codeworkflow/blossom/app/Http/Middleware/EnsureInstalled.php(29): Illuminate/Pipeline/Pipeline->Illuminate/Pipeline/{closure}(Object(Illuminate/Http/Request))
#7 C:/WebWorka/codeworkflow/blossom/vendor/laravel/framework/src/Illuminate/Pipeline/Pipeline.php(209): App/Http/Middleware/EnsureInstalled->handle(Object(Illuminate/Http/Request), Object(Closure))
#8 C:/WebWorka/codeworkflow/blossom/vendor/laravel/framework/src/Illuminate/Routing/Middleware/SubstituteBindings.php(51): Illuminate/Pipeline/Pipeline->Illuminate/Pipeline/{closure}(Object(Illuminate/Http/Request))
#9 C:/WebWorka/codeworkflow/blossom/vendor/laravel/framework/src/Illuminate/Pipeline/Pipeline.php(209): Illuminate/Routing/Middleware/SubstituteBindings->handle(Object(Illuminate/Http/Request), Object(Closure))
#10 C:/WebWorka/codeworkflow/blossom/vendor/laravel/framework/src/Illuminate/Foundation/Http/Middleware/VerifyCsrfToken.php(88): Illuminate/Pipeline/Pipeline->Illuminate/Pipeline/{closure}(Object(Illuminate/Http/Request))
#11 C:/WebWorka/codeworkflow/blossom/vendor/laravel/framework/src/Illuminate/Pipeline/Pipeline.php(209): Illuminate/Foundation/Http/Middleware/VerifyCsrfToken->handle(Object(Illuminate/Http/Request), Object(Closure))
#12 C:/WebWorka/codeworkflow/blossom/vendor/laravel/framework/src/Illuminate/View/Middleware/ShareErrorsFromSession.php(49): Illuminate/Pipeline/Pipeline->Illuminate/Pipeline/{closure}(Object(Illuminate/Http/Request))
#13 C:/WebWorka/codeworkflow/blossom/vendor/laravel/framework/src/Illuminate/Pipeline/Pipeline.php(209): Illuminate/View/Middleware/ShareErrorsFromSession->handle(Object(Illuminate/Http/Request), Object(Closure))
#14 C:/WebWorka/codeworkflow/blossom/vendor/laravel/framework/src/Illuminate/Session/Middleware/StartSession.php(121): Illuminate/Pipeline/Pipeline->Illuminate/Pipeline/{closure}(Object(Illuminate/Http/Request))
#15 C:/WebWorka/codeworkflow/blossom/vendor/laravel/framework/src/Illuminate/Session/Middleware/StartSession.php(64): Illuminate/Session/Middleware/StartSession->handleStatefulRequest(Object(Illuminate/Http/Request), Object(Illuminate/Session/Store), Object(Closure))
#16 C:/WebWorka/codeworkflow/blossom/vendor/laravel/framework/src/Illuminate/Pipeline/Pipeline.php(209): Illuminate/Session/Middleware/StartSession->handle(Object(Illuminate/Http/Request), Object(Closure))
#17 C:/WebWorka/codeworkflow/blossom/vendor/laravel/framework/src/Illuminate/Cookie/Middleware/AddQueuedCookiesToResponse.php(37): Illuminate/Pipeline/Pipeline->Illuminate/Pipeline/{closure}(Object(Illuminate/Http/Request))
#18 C:/WebWorka/codeworkflow/blossom/vendor/laravel/framework/src/Illuminate/Pipeline/Pipeline.php(209): Illuminate/Cookie/Middleware/AddQueuedCookiesToResponse->handle(Object(Illuminate/Http/Request), Object(Closure))
#19 C:/WebWorka/codeworkflow/blossom/vendor/laravel/framework/src/Illuminate/Cookie/Middleware/EncryptCookies.php(75): Illuminate/Pipeline/Pipeline->Illuminate/Pipeline/{closure}(Object(Illuminate/Http/Request))
#20 C:/WebWorka/codeworkflow/blossom/vendor/laravel/framework/src/Illuminate/Pipeline/Pipeline.php(209): Illuminate/Cookie/Middleware/EncryptCookies->handle(Object(Illuminate/Http/Request), Object(Closure))
#21 C:/WebWorka/codeworkflow/blossom/vendor/laravel/framework/src/Illuminate/Pipeline/Pipeline.php(127): Illuminate/Pipeline/Pipeline->Illuminate/Pipeline/{closure}(Object(Illuminate/Http/Request))
#22 C:/WebWorka/codeworkflow/blossom/vendor/laravel/framework/src/Illuminate/Routing/Router.php(807): Illuminate/Pipeline/Pipeline->then(Object(Closure))
#23 C:/WebWorka/codeworkflow/blossom/vendor/laravel/framework/src/Illuminate/Routing/Router.php(786): Illuminate/Routing/Router->runRouteWithinStack(Object(Illuminate/Routing/Route), Object(Illuminate/Http/Request))
#24 C:/WebWorka/codeworkflow/blossom/vendor/laravel/framework/src/Illuminate/Routing/Router.php(750): Illuminate/Routing/Router->runRoute(Object(Illuminate/Http/Request), Object(Illuminate/Routing/Route))
#25 C:/WebWorka/codeworkflow/blossom/vendor/laravel/framework/src/Illuminate/Routing/Router.php(739): Illuminate/Routing/Router->dispatchToRoute(Object(Illuminate/Http/Request))
#26 C:/WebWorka/codeworkflow/blossom/vendor/laravel/framework/src/Illuminate/Foundation/Http/Kernel.php(201): Illuminate/Routing/Router->dispatch(Object(Illuminate/Http/Request))
#27 C:/WebWorka/codeworkflow/blossom/vendor/laravel/framework/src/Illuminate/Pipeline/Pipeline.php(170): Illuminate/Foundation/Http/Kernel->Illuminate/Foundation/Http/{closure}(Object(Illuminate/Http/Request))
#28 C:/WebWorka/codeworkflow/blossom/vendor/livewire/livewire/src/Features/SupportDisablingBackButtonCache/DisableBackButtonCacheMiddleware.php(19): Illuminate/Pipeline/Pipeline->Illuminate/Pipeline/{closure}(Object(Illuminate/Http/Request))
#29 C:/WebWorka/codeworkflow/blossom/vendor/laravel/framework/src/Illuminate/Pipeline/Pipeline.php(209): Livewire/Features/SupportDisablingBackButtonCache/DisableBackButtonCacheMiddleware->handle(Object(Illuminate/Http/Request), Object(Closure))
#30 C:/WebWorka/codeworkflow/blossom/vendor/laravel/framework/src/Illuminate/Foundation/Http/Middleware/TransformsRequest.php(21): Illuminate/Pipeline/Pipeline->Illuminate/Pipeline/{closure}(Object(Illuminate/Http/Request))
#31 C:/WebWorka/codeworkflow/blossom/vendor/laravel/framework/src/Illuminate/Foundation/Http/Middleware/ConvertEmptyStringsToNull.php(31): Illuminate/Foundation/Http/Middleware/TransformsRequest->handle(Object(Illuminate/Http/Request), Object(Closure))
#32 C:/WebWorka/codeworkflow/blossom/vendor/laravel/framework/src/Illuminate/Pipeline/Pipeline.php(209): Illuminate/Foundation/Http/Middleware/ConvertEmptyStringsToNull->handle(Object(Illuminate/Http/Request), Object(Closure))
#33 C:/WebWorka/codeworkflow/blossom/vendor/laravel/framework/src/Illuminate/Foundation/Http/Middleware/TransformsRequest.php(21): Illuminate/Pipeline/Pipeline->Illuminate/Pipeline/{closure}(Object(Illuminate/Http/Request))
#34 C:/WebWorka/codeworkflow/blossom/vendor/laravel/framework/src/Illuminate/Foundation/Http/Middleware/TrimStrings.php(51): Illuminate/Foundation/Http/Middleware/TransformsRequest->handle(Object(Illuminate/Http/Request), Object(Closure))
#35 C:/WebWorka/codeworkflow/blossom/vendor/laravel/framework/src/Illuminate/Pipeline/Pipeline.php(209): Illuminate/Foundation/Http/Middleware/TrimStrings->handle(Object(Illuminate/Http/Request), Object(Closure))
#36 C:/WebWorka/codeworkflow/blossom/vendor/laravel/framework/src/Illuminate/Http/Middleware/ValidatePostSize.php(27): Illuminate/Pipeline/Pipeline->Illuminate/Pipeline/{closure}(Object(Illuminate/Http/Request))
#37 C:/WebWorka/codeworkflow/blossom/vendor/laravel/framework/src/Illuminate/Pipeline/Pipeline.php(209): Illuminate/Http/Middleware/ValidatePostSize->handle(Object(Illuminate/Http/Request), Object(Closure))
#38 C:/WebWorka/codeworkflow/blossom/vendor/laravel/framework/src/Illuminate/Foundation/Http/Middleware/PreventRequestsDuringMaintenance.php(110): Illuminate/Pipeline/Pipeline->Illuminate/Pipeline/{closure}(Object(Illuminate/Http/Request))
#39 C:/WebWorka/codeworkflow/blossom/vendor/laravel/framework/src/Illuminate/Pipeline/Pipeline.php(209): Illuminate/Foundation/Http/Middleware/PreventRequestsDuringMaintenance->handle(Object(Illuminate/Http/Request), Object(Closure))
#40 C:/WebWorka/codeworkflow/blossom/vendor/laravel/framework/src/Illuminate/Http/Middleware/HandleCors.php(49): Illuminate/Pipeline/Pipeline->Illuminate/Pipeline/{closure}(Object(Illuminate/Http/Request))
#41 C:/WebWorka/codeworkflow/blossom/vendor/laravel/framework/src/Illuminate/Pipeline/Pipeline.php(209): Illuminate/Http/Middleware/HandleCors->handle(Object(Illuminate/Http/Request), Object(Closure))
#42 C:/WebWorka/codeworkflow/blossom/vendor/laravel/framework/src/Illuminate/Http/Middleware/TrustProxies.php(58): Illuminate/Pipeline/Pipeline->Illuminate/Pipeline/{closure}(Object(Illuminate/Http/Request))
#43 C:/WebWorka/codeworkflow/blossom/vendor/laravel/framework/src/Illuminate/Pipeline/Pipeline.php(209): Illuminate/Http/Middleware/TrustProxies->handle(Object(Illuminate/Http/Request), Object(Closure))
#44 C:/WebWorka/codeworkflow/blossom/vendor/laravel/framework/src/Illuminate/Foundation/Http/Middleware/InvokeDeferredCallbacks.php(22): Illuminate/Pipeline/Pipeline->Illuminate/Pipeline/{closure}(Object(Illuminate/Http/Request))
#45 C:/WebWorka/codeworkflow/blossom/vendor/laravel/framework/src/Illuminate/Pipeline/Pipeline.php(209): Illuminate/Foundation/Http/Middleware/InvokeDeferredCallbacks->handle(Object(Illuminate/Http/Request), Object(Closure))
#46 C:/WebWorka/codeworkflow/blossom/vendor/laravel/framework/src/Illuminate/Pipeline/Pipeline.php(127): Illuminate/Pipeline/Pipeline->Illuminate/Pipeline/{closure}(Object(Illuminate/Http/Request))
#47 C:/WebWorka/codeworkflow/blossom/vendor/laravel/framework/src/Illuminate/Foundation/Http/Kernel.php(176): Illuminate/Pipeline/Pipeline->then(Object(Closure))
#48 C:/WebWorka/codeworkflow/blossom/vendor/laravel/framework/src/Illuminate/Foundation/Http/Kernel.php(145): Illuminate/Foundation/Http/Kernel->sendRequestThroughRouter(Object(Illuminate/Http/Request))
#49 C:/WebWorka/codeworkflow/blossom/vendor/laravel/framework/src/Illuminate/Foundation/Application.php(1220): Illuminate/Foundation/Http/Kernel->handle(Object(Illuminate/Http/Request))
#50 C:/WebWorka/codeworkflow/blossom/public/index.php(31): Illuminate/Foundation/Application->handleRequest(Object(Illuminate/Http/Request))
#51 C:/WebWorka/codeworkflow/blossom/vendor/laravel/framework/src/Illuminate/Foundation/resources/server.php(23): require_once('C://WebWorka//cod...')
#52 {main}
"} 
[2026-08-20 19:53:30] local.ERROR: Uncaught PDOException: SQLSTATE[HY000]: General error: 1 no such column: chat_messages.chat_conversation_id in C:\WebWorka\codeworkflow\blossom\vendor\laravel\framework\src\Illuminate\Database\Connection.php:407
Stack trace:
#0 C:\WebWorka\codeworkflow\blossom\vendor\laravel\framework\src\Illuminate\Database\Connection.php(407): PDO->prepare('select * from "...')
#1 C:\WebWorka\codeworkflow\blossom\vendor\laravel\framework\src\Illuminate\Database\Connection.php(812): Illuminate\Database\Connection->Illuminate\Database\{closure}('select * from "...', Array)
#2 C:\WebWorka\codeworkflow\blossom\vendor\laravel\framework\src\Illuminate\Database\Connection.php(779): Illuminate\Database\Connection->runQueryCallback('select * from "...', Array, Object(Closure))
#3 C:\WebWorka\codeworkflow\blossom\vendor\laravel\framework\src\Illuminate\Database\Connection.php(398): Illuminate\Database\Connection->run('select * from "...', Array, Object(Closure))
#4 C:\WebWorka\codeworkflow\blossom\vendor\laravel\framework\src\Illuminate\Database\Query\Builder.php(3106): Illuminate\Database\Connection->select('select * from "...', Array, true)
#5 C:\WebWorka\codeworkflow\blossom\vendor\laravel\framework\src\Illuminate\Database\Query\Builder.php(3091): Illuminate\Database\Query\Builder->runSelect()
#6 C:\WebWorka\codeworkflow\blossom\vendor\laravel\framework\src\Illuminate\Database\Query\Builder.php(3676): Illuminate\Database\Query\Builder->Illuminate\Database\Query\{closure}()
#7 C:\WebWorka\codeworkflow\blossom\vendor\laravel\framework\src\Illuminate\Database\Query\Builder.php(3090): Illuminate\Database\Query\Builder->onceWithColumns(Array, Object(Closure))
#8 C:\WebWorka\codeworkflow\blossom\vendor\laravel\framework\src\Illuminate\Database\Eloquent\Builder.php(811): Illuminate\Database\Query\Builder->get(Array)
#9 C:\WebWorka\codeworkflow\blossom\vendor\laravel\framework\src\Illuminate\Database\Eloquent\Builder.php(793): Illuminate\Database\Eloquent\Builder->getModels(Array)
#10 C:\WebWorka\codeworkflow\blossom\vendor\laravel\framework\src\Illuminate\Database\Eloquent\Relations\Relation.php(213): Illuminate\Database\Eloquent\Builder->get(Array)
#11 C:\WebWorka\codeworkflow\blossom\vendor\laravel\framework\src\Illuminate\Database\Eloquent\Relations\Relation.php(176): Illuminate\Database\Eloquent\Relations\Relation->get()
#12 C:\WebWorka\codeworkflow\blossom\vendor\laravel\framework\src\Illuminate\Database\Eloquent\Builder.php(859): Illuminate\Database\Eloquent\Relations\Relation->getEager()
#13 C:\WebWorka\codeworkflow\blossom\vendor\laravel\framework\src\Illuminate\Database\Eloquent\Builder.php(828): Illuminate\Database\Eloquent\Builder->eagerLoadRelation(Array, 'messages', Object(Closure))
#14 C:\WebWorka\codeworkflow\blossom\vendor\laravel\framework\src\Illuminate\Database\Eloquent\Builder.php(794): Illuminate\Database\Eloquent\Builder->eagerLoadRelations(Array)
#15 C:\WebWorka\codeworkflow\blossom\vendor\laravel\framework\src\Illuminate\Database\Concerns\BuildsQueries.php(343): Illuminate\Database\Eloquent\Builder->get(Array)
#16 C:\WebWorka\codeworkflow\blossom\vendor\laravel\framework\src\Illuminate\Database\Eloquent\Builder.php(477): Illuminate\Database\Eloquent\Builder->first(Array)
#17 Command line code(5): Illuminate\Database\Eloquent\Builder->find(1)
#18 {main}

Next Illuminate\Database\QueryException: SQLSTATE[HY000]: General error: 1 no such column: chat_messages.chat_conversation_id (Connection: sqlite, SQL: select * from "chat_messages" where "chat_messages"."chat_conversation_id" in (1) order by "created_at" asc) in C:\WebWorka\codeworkflow\blossom\vendor\laravel\framework\src\Illuminate\Database\Connection.php:825
Stack trace:
#0 C:\WebWorka\codeworkflow\blossom\vendor\laravel\framework\src\Illuminate\Database\Connection.php(779): Illuminate\Database\Connection->runQueryCallback('select * from "...', Array, Object(Closure))
#1 C:\WebWorka\codeworkflow\blossom\vendor\laravel\framework\src\Illuminate\Database\Connection.php(398): Illuminate\Database\Connection->run('select * from "...', Array, Object(Closure))
#2 C:\WebWorka\codeworkflow\blossom\vendor\laravel\framework\src\Illuminate\Database\Query\Builder.php(3106): Illuminate\Database\Connection->select('select * from "...', Array, true)
#3 C:\WebWorka\codeworkflow\blossom\vendor\laravel\framework\src\Illuminate\Database\Query\Builder.php(3091): Illuminate\Database\Query\Builder->runSelect()
#4 C:\WebWorka\codeworkflow\blossom\vendor\laravel\framework\src\Illuminate\Database\Query\Builder.php(3676): Illuminate\Database\Query\Builder->Illuminate\Database\Query\{closure}()
#5 C:\WebWorka\codeworkflow\blossom\vendor\laravel\framework\src\Illuminate\Database\Query\Builder.php(3090): Illuminate\Database\Query\Builder->onceWithColumns(Array, Object(Closure))
#6 C:\WebWorka\codeworkflow\blossom\vendor\laravel\framework\src\Illuminate\Database\Eloquent\Builder.php(811): Illuminate\Database\Query\Builder->get(Array)
#7 C:\WebWorka\codeworkflow\blossom\vendor\laravel\framework\src\Illuminate\Database\Eloquent\Builder.php(793): Illuminate\Database\Eloquent\Builder->getModels(Array)
#8 C:\WebWorka\codeworkflow\blossom\vendor\laravel\framework\src\Illuminate\Database\Eloquent\Relations\Relation.php(213): Illuminate\Database\Eloquent\Builder->get(Array)
#9 C:\WebWorka\codeworkflow\blossom\vendor\laravel\framework\src\Illuminate\Database\Eloquent\Relations\Relation.php(176): Illuminate\Database\Eloquent\Relations\Relation->get()
#10 C:\WebWorka\codeworkflow\blossom\vendor\laravel\framework\src\Illuminate\Database\Eloquent\Builder.php(859): Illuminate\Database\Eloquent\Relations\Relation->getEager()
#11 C:\WebWorka\codeworkflow\blossom\vendor\laravel\framework\src\Illuminate\Database\Eloquent\Builder.php(828): Illuminate\Database\Eloquent\Builder->eagerLoadRelation(Array, 'messages', Object(Closure))
#12 C:\WebWorka\codeworkflow\blossom\vendor\laravel\framework\src\Illuminate\Database\Eloquent\Builder.php(794): Illuminate\Database\Eloquent\Builder->eagerLoadRelations(Array)
#13 C:\WebWorka\codeworkflow\blossom\vendor\laravel\framework\src\Illuminate\Database\Concerns\BuildsQueries.php(343): Illuminate\Database\Eloquent\Builder->get(Array)
#14 C:\WebWorka\codeworkflow\blossom\vendor\laravel\framework\src\Illuminate\Database\Eloquent\Builder.php(477): Illuminate\Database\Eloquent\Builder->first(Array)
#15 Command line code(5): Illuminate\Database\Eloquent\Builder->find(1)
#16 {main}
  thrown {"exception":"[object] (Symfony\\Component\\ErrorHandler\\Error\\FatalError(code: 0): Uncaught PDOException: SQLSTATE[HY000]: General error: 1 no such column: chat_messages.chat_conversation_id in C:\\WebWorka\\codeworkflow\\blossom\\vendor\\laravel\\framework\\src\\Illuminate\\Database\\Connection.php:407
Stack trace:
#0 C:\\WebWorka\\codeworkflow\\blossom\\vendor\\laravel\\framework\\src\\Illuminate\\Database\\Connection.php(407): PDO->prepare('select * from \"...')
#1 C:\\WebWorka\\codeworkflow\\blossom\\vendor\\laravel\\framework\\src\\Illuminate\\Database\\Connection.php(812): Illuminate\\Database\\Connection->Illuminate\\Database\\{closure}('select * from \"...', Array)
#2 C:\\WebWorka\\codeworkflow\\blossom\\vendor\\laravel\\framework\\src\\Illuminate\\Database\\Connection.php(779): Illuminate\\Database\\Connection->runQueryCallback('select * from \"...', Array, Object(Closure))
#3 C:\\WebWorka\\codeworkflow\\blossom\\vendor\\laravel\\framework\\src\\Illuminate\\Database\\Connection.php(398): Illuminate\\Database\\Connection->run('select * from \"...', Array, Object(Closure))
#4 C:\\WebWorka\\codeworkflow\\blossom\\vendor\\laravel\\framework\\src\\Illuminate\\Database\\Query\\Builder.php(3106): Illuminate\\Database\\Connection->select('select * from \"...', Array, true)
#5 C:\\WebWorka\\codeworkflow\\blossom\\vendor\\laravel\\framework\\src\\Illuminate\\Database\\Query\\Builder.php(3091): Illuminate\\Database\\Query\\Builder->runSelect()
#6 C:\\WebWorka\\codeworkflow\\blossom\\vendor\\laravel\\framework\\src\\Illuminate\\Database\\Query\\Builder.php(3676): Illuminate\\Database\\Query\\Builder->Illuminate\\Database\\Query\\{closure}()
#7 C:\\WebWorka\\codeworkflow\\blossom\\vendor\\laravel\\framework\\src\\Illuminate\\Database\\Query\\Builder.php(3090): Illuminate\\Database\\Query\\Builder->onceWithColumns(Array, Object(Closure))
#8 C:\\WebWorka\\codeworkflow\\blossom\\vendor\\laravel\\framework\\src\\Illuminate\\Database\\Eloquent\\Builder.php(811): Illuminate\\Database\\Query\\Builder->get(Array)
#9 C:\\WebWorka\\codeworkflow\\blossom\\vendor\\laravel\\framework\\src\\Illuminate\\Database\\Eloquent\\Builder.php(793): Illuminate\\Database\\Eloquent\\Builder->getModels(Array)
#10 C:\\WebWorka\\codeworkflow\\blossom\\vendor\\laravel\\framework\\src\\Illuminate\\Database\\Eloquent\\Relations\\Relation.php(213): Illuminate\\Database\\Eloquent\\Builder->get(Array)
#11 C:\\WebWorka\\codeworkflow\\blossom\\vendor\\laravel\\framework\\src\\Illuminate\\Database\\Eloquent\\Relations\\Relation.php(176): Illuminate\\Database\\Eloquent\\Relations\\Relation->get()
#12 C:\\WebWorka\\codeworkflow\\blossom\\vendor\\laravel\\framework\\src\\Illuminate\\Database\\Eloquent\\Builder.php(859): Illuminate\\Database\\Eloquent\\Relations\\Relation->getEager()
#13 C:\\WebWorka\\codeworkflow\\blossom\\vendor\\laravel\\framework\\src\\Illuminate\\Database\\Eloquent\\Builder.php(828): Illuminate\\Database\\Eloquent\\Builder->eagerLoadRelation(Array, 'messages', Object(Closure))
#14 C:\\WebWorka\\codeworkflow\\blossom\\vendor\\laravel\\framework\\src\\Illuminate\\Database\\Eloquent\\Builder.php(794): Illuminate\\Database\\Eloquent\\Builder->eagerLoadRelations(Array)
#15 C:\\WebWorka\\codeworkflow\\blossom\\vendor\\laravel\\framework\\src\\Illuminate\\Database\\Concerns\\BuildsQueries.php(343): Illuminate\\Database\\Eloquent\\Builder->get(Array)
#16 C:\\WebWorka\\codeworkflow\\blossom\\vendor\\laravel\\framework\\src\\Illuminate\\Database\\Eloquent\\Builder.php(477): Illuminate\\Database\\Eloquent\\Builder->first(Array)
#17 Command line code(5): Illuminate\\Database\\Eloquent\\Builder->find(1)
#18 {main}

Next Illuminate\\Database\\QueryException: SQLSTATE[HY000]: General error: 1 no such column: chat_messages.chat_conversation_id (Connection: sqlite, SQL: select * from \"chat_messages\" where \"chat_messages\".\"chat_conversation_id\" in (1) order by \"created_at\" asc) in C:\\WebWorka\\codeworkflow\\blossom\\vendor\\laravel\\framework\\src\\Illuminate\\Database\\Connection.php:825
Stack trace:
#0 C:\\WebWorka\\codeworkflow\\blossom\\vendor\\laravel\\framework\\src\\Illuminate\\Database\\Connection.php(779): Illuminate\\Database\\Connection->runQueryCallback('select * from \"...', Array, Object(Closure))
#1 C:\\WebWorka\\codeworkflow\\blossom\\vendor\\laravel\\framework\\src\\Illuminate\\Database\\Connection.php(398): Illuminate\\Database\\Connection->run('select * from \"...', Array, Object(Closure))
#2 C:\\WebWorka\\codeworkflow\\blossom\\vendor\\laravel\\framework\\src\\Illuminate\\Database\\Query\\Builder.php(3106): Illuminate\\Database\\Connection->select('select * from \"...', Array, true)
#3 C:\\WebWorka\\codeworkflow\\blossom\\vendor\\laravel\\framework\\src\\Illuminate\\Database\\Query\\Builder.php(3091): Illuminate\\Database\\Query\\Builder->runSelect()
#4 C:\\WebWorka\\codeworkflow\\blossom\\vendor\\laravel\\framework\\src\\Illuminate\\Database\\Query\\Builder.php(3676): Illuminate\\Database\\Query\\Builder->Illuminate\\Database\\Query\\{closure}()
#5 C:\\WebWorka\\codeworkflow\\blossom\\vendor\\laravel\\framework\\src\\Illuminate\\Database\\Query\\Builder.php(3090): Illuminate\\Database\\Query\\Builder->onceWithColumns(Array, Object(Closure))
#6 C:\\WebWorka\\codeworkflow\\blossom\\vendor\\laravel\\framework\\src\\Illuminate\\Database\\Eloquent\\Builder.php(811): Illuminate\\Database\\Query\\Builder->get(Array)
#7 C:\\WebWorka\\codeworkflow\\blossom\\vendor\\laravel\\framework\\src\\Illuminate\\Database\\Eloquent\\Builder.php(793): Illuminate\\Database\\Eloquent\\Builder->getModels(Array)
#8 C:\\WebWorka\\codeworkflow\\blossom\\vendor\\laravel\\framework\\src\\Illuminate\\Database\\Eloquent\\Relations\\Relation.php(213): Illuminate\\Database\\Eloquent\\Builder->get(Array)
#9 C:\\WebWorka\\codeworkflow\\blossom\\vendor\\laravel\\framework\\src\\Illuminate\\Database\\Eloquent\\Relations\\Relation.php(176): Illuminate\\Database\\Eloquent\\Relations\\Relation->get()
#10 C:\\WebWorka\\codeworkflow\\blossom\\vendor\\laravel\\framework\\src\\Illuminate\\Database\\Eloquent\\Builder.php(859): Illuminate\\Database\\Eloquent\\Relations\\Relation->getEager()
#11 C:\\WebWorka\\codeworkflow\\blossom\\vendor\\laravel\\framework\\src\\Illuminate\\Database\\Eloquent\\Builder.php(828): Illuminate\\Database\\Eloquent\\Builder->eagerLoadRelation(Array, 'messages', Object(Closure))
#12 C:\\WebWorka\\codeworkflow\\blossom\\vendor\\laravel\\framework\\src\\Illuminate\\Database\\Eloquent\\Builder.php(794): Illuminate\\Database\\Eloquent\\Builder->eagerLoadRelations(Array)
#13 C:\\WebWorka\\codeworkflow\\blossom\\vendor\\laravel\\framework\\src\\Illuminate\\Database\\Concerns\\BuildsQueries.php(343): Illuminate\\Database\\Eloquent\\Builder->get(Array)
#14 C:\\WebWorka\\codeworkflow\\blossom\\vendor\\laravel\\framework\\src\\Illuminate\\Database\\Eloquent\\Builder.php(477): Illuminate\\Database\\Eloquent\\Builder->first(Array)
#15 Command line code(5): Illuminate\\Database\\Eloquent\\Builder->find(1)
#16 {main}
  thrown at C:/WebWorka/codeworkflow/blossom/vendor/laravel/framework/src/Illuminate/Database/Connection.php:825)
[stacktrace]
#0 {main}
"} 
[2026-08-20 19:58:57] local.ERROR: Type of App\Filament\Resources\ChatConversationResource::$navigationBadgeTooltip must be Illuminate\Contracts\Support\Htmlable|string|null (as in class Filament\Resources\Resource) {"exception":"[object] (Symfony\\Component\\ErrorHandler\\Error\\FatalError(code: 0): Type of App\\Filament\\Resources\\ChatConversationResource::$navigationBadgeTooltip must be Illuminate\\Contracts\\Support\\Htmlable|string|null (as in class Filament\\Resources\\Resource) at C:/WebWorka/codeworkflow/blossom/app/Filament/Resources/ChatConversationResource.php:18)
[stacktrace]
#0 {main}
"} 
[2026-08-20 19:59:07] local.ERROR: Type of App\Filament\Resources\ChatConversationResource::$navigationBadgeTooltip must be Illuminate\Contracts\Support\Htmlable|string|null (as in class Filament\Resources\Resource) {"exception":"[object] (Symfony\\Component\\ErrorHandler\\Error\\FatalError(code: 0): Type of App\\Filament\\Resources\\ChatConversationResource::$navigationBadgeTooltip must be Illuminate\\Contracts\\Support\\Htmlable|string|null (as in class Filament\\Resources\\Resource) at C:/WebWorka/codeworkflow/blossom/app/Filament/Resources/ChatConversationResource.php:18)
[stacktrace]
#0 {main}
"} 
[2026-08-20 20:08:00] local.ERROR: Uncaught Error: Call to a member function update() on null in Command line code:6
Stack trace:
#0 {main}
  thrown {"exception":"[object] (Symfony\\Component\\ErrorHandler\\Error\\FatalError(code: 0): Uncaught Error: Call to a member function update() on null in Command line code:6
Stack trace:
#0 {main}
  thrown at Command line code:6)
[stacktrace]
#0 {main}
"} 
